// Jest Snapshot v1, https://goo.gl/fbAQLP

exports[`Rendering should match to snapshot 1`] = `
<View
  accessibilityState={
    {
      "busy": undefined,
      "checked": undefined,
      "disabled": undefined,
      "expanded": undefined,
      "selected": undefined,
    }
  }
  accessibilityValue={
    {
      "max": undefined,
      "min": undefined,
      "now": undefined,
      "text": undefined,
    }
  }
  accessible={true}
  collapsable={false}
  focusable={true}
  onClick={[Function]}
  onResponderGrant={[Function]}
  onResponderMove={[Function]}
  onResponderRelease={[Function]}
  onResponderTerminate={[Function]}
  onResponderTerminationRequest={[Function]}
  onStartShouldSetResponder={[Function]}
  style={
    {
      "alignItems": "center",
      "backgroundColor": "#182387",
      "borderRadius": 60,
      "flexDirection": "row",
      "height": 110,
      "justifyContent": "center",
      "marginVertical": 20,
      "opacity": 1,
      "padding": 24,
      "paddingVertical": 32,
      "width": 300,
    }
  }
>
  <Text
    style={
      [
        {
          "color": "#FFFFFF",
          "fontSize": 18,
          "fontWeight": "bold",
        },
        undefined,
      ]
    }
  >
    Test Button
  </Text>
</View>
`;
